{
  "input": "/Users/jin/hackerthon/demo-1/artifacts/2026-09-10-service-exploration/.build/easy/candidate.pptx",
  "outputDir": "/Users/jin/hackerthon/demo-1/artifacts/2026-09-10-service-exploration/.build/easy/draft-previews",
  "slideCount": 15,
  "paths": [
    "/Users/jin/hackerthon/demo-1/artifacts/2026-09-10-service-exploration/.build/easy/draft-previews/slide-1.png",
    "/Users/jin/hackerthon/demo-1/artifacts/2026-09-10-service-exploration/.build/easy/draft-previews/slide-2.png",
    "/Users/jin/hackerthon/demo-1/artifacts/2026-09-10-service-exploration/.build/easy/draft-previews/slide-3.png",
    "/Users/jin/hackerthon/demo-1/artifacts/2026-09-10-service-exploration/.build/easy/draft-previews/slide-4.png",
    "/Users/jin/hackerthon/demo-1/artifacts/2026-09-10-service-exploration/.build/easy/draft-previews/slide-5.png",
    "/Users/jin/hackerthon/demo-1/artifacts/2026-09-10-service-exploration/.build/easy/draft-previews/slide-6.png",
    "/Users/jin/hackerthon/demo-1/artifacts/2026-09-10-service-exploration/.build/easy/draft-previews/slide-7.png",
    "/Users/jin/hackerthon/demo-1/artifacts/2026-09-10-service-exploration/.build/easy/draft-previews/slide-8.png",
    "/Users/jin/hackerthon/demo-1/artifacts/2026-09-10-service-exploration/.build/easy/draft-previews/slide-9.png",
    "/Users/jin/hackerthon/demo-1/artifacts/2026-09-10-service-exploration/.build/easy/draft-previews/slide-10.png",
    "/Users/jin/hackerthon/demo-1/artifacts/2026-09-10-service-exploration/.build/easy/draft-previews/slide-11.png",
    "/Users/jin/hackerthon/demo-1/artifacts/2026-09-10-service-exploration/.build/easy/draft-previews/slide-12.png",
    "/Users/jin/hackerthon/demo-1/artifacts/2026-09-10-service-exploration/.build/easy/draft-previews/slide-13.png",
    "/Users/jin/hackerthon/demo-1/artifacts/2026-09-10-service-exploration/.build/easy/draft-previews/slide-14.png",
    "/Users/jin/hackerthon/demo-1/artifacts/2026-09-10-service-exploration/.build/easy/draft-previews/slide-15.png"
  ]
}
